<?xml version="1.0" encoding="utf-8"?><testsuites name="pytest tests"><testsuite name="pytest" errors="0" failures="0" skipped="0" tests="31" time="1.320" timestamp="2026-04-25T09:45:36.197671+00:00" hostname="runsc"><testcase classname="tests.test_api.TestHome" name="test_home_returns_200" time="0.054" /><testcase classname="tests.test_api.TestHome" name="test_home_message" time="0.008" /><testcase classname="tests.test_api.TestHome" name="test_health_returns_200" time="0.007" /><testcase classname="tests.test_api.TestHome" name="test_health_status" time="0.007" /><testcase classname="tests.test_api.TestAddMember" name="test_add_member_returns_201" time="0.007" /><testcase classname="tests.test_api.TestAddMember" name="test_add_member_returns_correct_name" time="0.028" /><testcase classname="tests.test_api.TestAddMember" name="test_add_member_assigns_id" time="0.008" /><testcase classname="tests.test_api.TestAddMember" name="test_add_member_calculates_calories" time="0.008" /><testcase classname="tests.test_api.TestAddMember" name="test_add_member_increments_id" time="0.008" /><testcase classname="tests.test_api.TestAddMember" name="test_add_member_missing_name_returns_400" time="0.007" /><testcase classname="tests.test_api.TestAddMember" name="test_add_member_missing_age_returns_400" time="0.007" /><testcase classname="tests.test_api.TestAddMember" name="test_add_member_invalid_membership_returns_400" time="0.007" /><testcase classname="tests.test_api.TestAddMember" name="test_add_member_negative_age_returns_400" time="0.007" /><testcase classname="tests.test_api.TestAddMember" name="test_add_member_no_body_returns_400" time="0.007" /><testcase classname="tests.test_api.TestGetMembers" name="test_get_members_empty" time="0.007" /><testcase classname="tests.test_api.TestGetMembers" name="test_get_members_after_add" time="0.008" /><testcase classname="tests.test_api.TestGetMembers" name="test_get_members_multiple" time="0.010" /><testcase classname="tests.test_api.TestGetMember" name="test_get_existing_member" time="0.009" /><testcase classname="tests.test_api.TestGetMember" name="test_get_nonexistent_member_returns_404" time="0.007" /><testcase classname="tests.test_api.TestUpdateMember" name="test_update_member_age" time="0.011" /><testcase classname="tests.test_api.TestUpdateMember" name="test_update_nonexistent_member_returns_404" time="0.010" /><testcase classname="tests.test_api.TestDeleteMember" name="test_delete_member_returns_200" time="0.041" /><testcase classname="tests.test_api.TestDeleteMember" name="test_delete_removes_member" time="0.008" /><testcase classname="tests.test_api.TestDeleteMember" name="test_delete_nonexistent_returns_404" time="0.007" /><testcase classname="tests.test_api.TestPrograms" name="test_get_programs_returns_200" time="0.007" /><testcase classname="tests.test_api.TestPrograms" name="test_get_programs_contains_fat_loss" time="0.010" /><testcase classname="tests.test_api.TestPrograms" name="test_get_programs_contains_three_programs" time="0.009" /><testcase classname="tests.test_api.TestCalorieCalc" name="test_calorie_calc_fat_loss" time="0.009" /><testcase classname="tests.test_api.TestCalorieCalc" name="test_calorie_calc_muscle_gain" time="0.008" /><testcase classname="tests.test_api.TestCalorieCalc" name="test_calorie_calc_no_weight_returns_400" time="0.007" /><testcase classname="tests.test_api.TestCalorieCalc" name="test_calorie_calc_invalid_program_returns_404" time="0.007" /></testsuite></testsuites>